2025-09-06 07:30:26 [INFO] [initializer.initializeSystem] will loading configuration from custom config path conf/ezbookkeeping.ini
2025-09-06 07:30:26 [WARNING] [initializer.initializeSystem] "secret_key" in config file is not set, please change it to keep your user data safe
2025-09-06 07:30:26 [INFO] [initializer.initializeSystem] has loaded configuration {"AppName":"Budget Invest","Mode":"production","WorkingPath":"/Users/t5/Documents/Github/budget-invest","Protocol":"http","HttpAddr":"0.0.0.0","HttpPort":8081,"Domain":"localhost","RootUrl":"http://localhost:8081/","CertFile":"","CertKeyFile":"","UnixSocketPath":"","StaticRootPath":"/Users/t5/Documents/Github/budget-invest/public","EnableGZip":false,"EnableRequestLog":true,"EnableMCPServer":false,"MCPAllowedRemoteIPs":null,"DatabaseConfig":{"DatabaseType":"sqlite3","DatabaseHost":"127.0.0.1:3306","DatabaseName":"ezbookkeeping","DatabaseUser":"root","DatabasePassword":"****","DatabaseSSLMode":"","DatabasePath":"/Users/t5/Documents/Github/budget-invest/data/ezbookkeeping.db","MaxIdleConnection":2,"MaxOpenConnection":0,"ConnectionMaxLifeTime":14400},"EnableQueryLog":false,"AutoUpdateDatabase":true,"EnableSMTP":true,"SMTPConfig":{"SMTPHost":"smtp.gmail.com:587","SMTPUser":"kevincircle2020@gmail.com","SMTPPasswd":"****","SMTPSkipTLSVerify":false,"FromAddress":"Budget Invest \u003ckevincircle2020@gmail.com\u003e"},"LogModes":["console","file"],"EnableConsoleLog":true,"EnableFileLog":true,"LogLevel":"info","FileLogPath":"/Users/t5/Documents/Github/budget-invest/log/ezbookkeeping.log","RequestFileLogPath":"","QueryFileLogPath":"","LogFileRotate":false,"LogFileMaxSize":104857600,"LogFileMaxDays":7,"StorageType":"local_filesystem","LocalFileSystemPath":"/Users/t5/Documents/Github/budget-invest/storage","MinIOConfig":{"Endpoint":"127.0.0.1:9000","Location":"","AccessKeyID":"","SecretAccessKey":"****","UseSSL":false,"SkipTLSVerify":false,"Bucket":"ezbookkeeping","RootPath":"/"},"WebDAVConfig":{"Url":"","Username":"","Password":"****","RootPath":"/","RequestTimeout":10000,"Proxy":"system","SkipTLSVerify":false},"UuidGeneratorType":"internal","UuidServerId":0,"DuplicateCheckerType":"in_memory","InMemoryDuplicateCheckerCleanupInterval":60,"InMemoryDuplicateCheckerCleanupIntervalDuration":60000000000,"EnableDuplicateSubmissionsCheck":true,"DuplicateSubmissionsInterval":300,"DuplicateSubmissionsIntervalDuration":300000000000,"EnableRemoveExpiredTokens":true,"EnableCreateScheduledTransaction":true,"SecretKeyNoSet":true,"SecretKey":"****","EnableTwoFactor":true,"TokenExpiredTime":2592000,"TokenExpiredTimeDuration":2592000000000000,"TokenMinRefreshInterval":86400,"TemporaryTokenExpiredTime":300,"TemporaryTokenExpiredTimeDuration":300000000000,"EmailVerifyTokenExpiredTime":3600,"EmailVerifyTokenExpiredTimeDuration":3600000000000,"PasswordResetTokenExpiredTime":3600,"PasswordResetTokenExpiredTimeDuration":3600000000000,"MaxFailuresPerIpPerMinute":5,"MaxFailuresPerUserPerMinute":5,"EnableRequestIdHeader":true,"EnableUserRegister":true,"EnableUserVerifyEmail":true,"EnableUserForceVerifyEmail":false,"EnableUserForgetPassword":true,"ForgetPasswordRequireVerifyEmail":false,"EnableTransactionPictures":true,"MaxTransactionPictureFileSize":10485760,"EnableScheduledTransaction":true,"AvatarProvider":"internal","MaxAvatarFileSize":1048576,"DefaultFeatureRestrictions":0,"EnableDataExport":true,"EnableDataImport":true,"MaxImportFileSize":10485760,"LoginPageTips":{"Enabled":false,"DefaultContent":"","MultiLanguageContent":{}},"AfterRegisterNotification":{"Enabled":false,"DefaultContent":"","MultiLanguageContent":{}},"AfterLoginNotification":{"Enabled":false,"DefaultContent":"","MultiLanguageContent":{}},"AfterOpenNotification":{"Enabled":false,"DefaultContent":"","MultiLanguageContent":{}},"MapProvider":"openstreetmap","EnableMapDataFetchProxy":false,"MapProxy":"system","TomTomMapAPIKey":"","TianDiTuAPIKey":"","GoogleMapAPIKey":"","BaiduMapAK":"","AmapApplicationKey":"","AmapSecurityVerificationMethod":"internal_proxy","AmapApplicationSecret":"****","AmapApiExternalProxyUrl":"","CustomMapTileServerTileLayerUrl":"","CustomMapTileServerAnnotationLayerUrl":"","CustomMapTileServerMinZoomLevel":1,"CustomMapTileServerMaxZoomLevel":18,"CustomMapTileServerDefaultZoomLevel":14,"ExchangeRatesDataSource":"euro_central_bank","ExchangeRatesRequestTimeout":10000,"ExchangeRatesRequestTimeoutExceedDefaultValue":false,"ExchangeRatesProxy":"system","ExchangeRatesSkipTLSVerify":false}
2025-09-06 07:30:26 [INFO] [webserver.startWebServer] static root path is /Users/t5/Documents/Github/budget-invest/public
2025-09-06 07:30:26 [INFO] [database.updateAllDatabaseTablesStructure] user table maintained successfully
2025-09-06 07:30:26 [INFO] [database.updateAllDatabaseTablesStructure] two-factor table maintained successfully
2025-09-06 07:30:26 [INFO] [database.updateAllDatabaseTablesStructure] two-factor recovery code table maintained successfully
2025-09-06 07:30:26 [INFO] [database.updateAllDatabaseTablesStructure] token record table maintained successfully
2025-09-06 07:30:26 [INFO] [database.updateAllDatabaseTablesStructure] account table maintained successfully
2025-09-06 07:30:26 [INFO] [database.updateAllDatabaseTablesStructure] transaction table maintained successfully
2025-09-06 07:30:26 [INFO] [database.updateAllDatabaseTablesStructure] transaction category table maintained successfully
2025-09-06 07:30:26 [INFO] [database.updateAllDatabaseTablesStructure] transaction tag table maintained successfully
2025-09-06 07:30:26 [INFO] [database.updateAllDatabaseTablesStructure] transaction tag index table maintained successfully
2025-09-06 07:30:26 [INFO] [database.updateAllDatabaseTablesStructure] transaction template table maintained successfully
2025-09-06 07:30:26 [INFO] [database.updateAllDatabaseTablesStructure] transaction picture table maintained successfully
2025-09-06 07:30:26 [INFO] [database.updateAllDatabaseTablesStructure] user custom exchange rate table maintained successfully
2025-09-06 07:30:26 [INFO] [database.updateAllDatabaseTablesStructure] user application cloud settings table maintained successfully
2025-09-06 07:30:26 [INFO] [database.updateAllDatabaseTablesStructure] investment table maintained successfully
2025-09-06 07:30:26 [INFO] [database.updateAllDatabaseTablesStructure] investment transaction table maintained successfully
2025-09-06 07:30:26 [INFO] [database.updateAllDatabaseTablesStructure] stock price table maintained successfully
2025-09-06 07:30:26 [INFO] [00000000-0000-0000-0000-00000000] gocron: new scheduler created
2025-09-06 07:30:26 [INFO] [cron_container.registerJob] job "RemoveExpiredTokens" has been registered
2025-09-06 07:30:26 [INFO] [cron_container.registerJob] job "CreateScheduledTransaction" has been registered
2025-09-06 07:30:26 [INFO] [00000000-0000-0000-0000-00000000] gocron: scheduler started
2025-09-06 07:30:26 [INFO] [webserver.startWebServer] current server id is 7106, current instance id is 61310, current uuid server id is 0
2025-09-06 07:30:26 [INFO] [webserver.startWebServer] will run at http://0.0.0.0:8081
2025-09-06 07:59:12 [INFO] [cron-job-createscheduledtransaction-1757116752] [cron_job.doRun] run job "CreateScheduledTransaction" successfully, cost 5ms
2025-09-06 08:00:00 [WARNING] [cron-job-createscheduledtransaction-1757116800] [cron_job.doRun] job "CreateScheduledTransaction" is already running (ip: 192.168.10.104,2406:3003:2001:3910:ccb:60db:2605:a4eb,2406:3003:2001:3910:c1ff:4e1a:25e9:8236, startTime: 1757116752)
2025-09-06 09:12:37 [INFO] [cron-job-createscheduledtransaction-1757121157] [cron_job.doRun] run job "CreateScheduledTransaction" successfully, cost 2ms
2025-09-06 09:39:19 [INFO] [cron-job-createscheduledtransaction-1757122759] [cron_job.doRun] run job "CreateScheduledTransaction" successfully, cost 3ms
2025-09-06 10:17:54 [INFO] [cron-job-createscheduledtransaction-1757125074] [cron_job.doRun] run job "CreateScheduledTransaction" successfully, cost 1ms
2025-09-06 10:58:59 [INFO] [cron-job-createscheduledtransaction-1757127539] [cron_job.doRun] run job "CreateScheduledTransaction" successfully, cost 1ms
2025-09-06 11:00:00 [WARNING] [cron-job-createscheduledtransaction-1757127600] [cron_job.doRun] job "CreateScheduledTransaction" is already running (ip: 192.168.10.104,2406:3003:2001:3910:ccb:60db:2605:a4eb,2406:3003:2001:3910:c1ff:4e1a:25e9:8236, startTime: 1757127539)
2025-09-06 11:14:59 [INFO] [cron-job-createscheduledtransaction-1757128499] [cron_job.doRun] run job "CreateScheduledTransaction" successfully, cost 1ms
2025-09-06 11:29:59 [INFO] [cron-job-createscheduledtransaction-1757129399] [cron_job.doRun] run job "CreateScheduledTransaction" successfully, cost 4ms
2025-09-06 11:44:59 [INFO] [cron-job-createscheduledtransaction-1757130299] [cron_job.doRun] run job "CreateScheduledTransaction" successfully, cost 2ms
2025-09-06 11:59:59 [INFO] [cron-job-createscheduledtransaction-1757131199] [cron_job.doRun] run job "CreateScheduledTransaction" successfully, cost 0ms
2025-09-06 12:14:59 [INFO] [cron-job-createscheduledtransaction-1757132099] [cron_job.doRun] run job "CreateScheduledTransaction" successfully, cost 0ms
2025-09-06 12:30:00 [INFO] [cron-job-createscheduledtransaction-1757133000] [cron_job.doRun] run job "CreateScheduledTransaction" successfully, cost 0ms
2025-09-06 12:44:59 [INFO] [cron-job-createscheduledtransaction-1757133899] [cron_job.doRun] run job "CreateScheduledTransaction" successfully, cost 0ms
2025-09-06 12:59:59 [INFO] [cron-job-createscheduledtransaction-1757134799] [cron_job.doRun] run job "CreateScheduledTransaction" successfully, cost 1ms
2025-09-06 13:14:59 [INFO] [cron-job-createscheduledtransaction-1757135699] [cron_job.doRun] run job "CreateScheduledTransaction" successfully, cost 1ms
2025-09-06 13:29:59 [INFO] [cron-job-createscheduledtransaction-1757136599] [cron_job.doRun] run job "CreateScheduledTransaction" successfully, cost 1ms
2025-09-06 13:44:59 [INFO] [cron-job-createscheduledtransaction-1757137499] [cron_job.doRun] run job "CreateScheduledTransaction" successfully, cost 3ms
2025-09-06 13:59:59 [INFO] [cron-job-createscheduledtransaction-1757138399] [cron_job.doRun] run job "CreateScheduledTransaction" successfully, cost 4ms
2025-09-06 14:14:59 [INFO] [cron-job-createscheduledtransaction-1757139299] [cron_job.doRun] run job "CreateScheduledTransaction" successfully, cost 3ms
2025-09-06 14:29:59 [INFO] [cron-job-createscheduledtransaction-1757140199] [cron_job.doRun] run job "CreateScheduledTransaction" successfully, cost 0ms
2025-09-06 14:45:00 [INFO] [cron-job-createscheduledtransaction-1757141099] [cron_job.doRun] run job "CreateScheduledTransaction" successfully, cost 9ms
2025-09-06 14:59:59 [INFO] [cron-job-createscheduledtransaction-1757141999] [cron_job.doRun] run job "CreateScheduledTransaction" successfully, cost 4ms
2025-09-06 16:29:57 [INFO] [cron-job-createscheduledtransaction-1757147397] [cron_job.doRun] run job "CreateScheduledTransaction" successfully, cost 1ms
2025-09-06 16:30:00 [WARNING] [cron-job-createscheduledtransaction-1757147400] [cron_job.doRun] job "CreateScheduledTransaction" is already running (ip: 192.168.10.104,2406:3003:2001:3910:ccb:60db:2605:a4eb,2406:3003:2001:3910:948b:2ad:2daf:c592, startTime: 1757147397)
2025-09-06 16:44:59 [INFO] [cron-job-createscheduledtransaction-1757148299] [cron_job.doRun] run job "CreateScheduledTransaction" successfully, cost 1ms
2025-09-06 16:59:59 [INFO] [cron-job-createscheduledtransaction-1757149199] [cron_job.doRun] run job "CreateScheduledTransaction" successfully, cost 1ms
2025-09-06 17:35:25 [INFO] [cron-job-createscheduledtransaction-1757151325] [cron_job.doRun] run job "CreateScheduledTransaction" successfully, cost 1ms
2025-09-06 17:44:59 [WARNING] [cron-job-createscheduledtransaction-1757151899] [cron_job.doRun] job "CreateScheduledTransaction" is already running (ip: 192.168.10.104,2406:3003:2001:3910:ccb:60db:2605:a4eb,2406:3003:2001:3910:e54e:ef39:23d6:87ea, startTime: 1757151325)
2025-09-06 17:59:59 [INFO] [cron-job-createscheduledtransaction-1757152799] [cron_job.doRun] run job "CreateScheduledTransaction" successfully, cost 2ms
2025-09-06 18:14:59 [INFO] [cron-job-createscheduledtransaction-1757153699] [cron_job.doRun] run job "CreateScheduledTransaction" successfully, cost 1ms
2025-09-06 18:38:44 [INFO] [cron-job-createscheduledtransaction-1757155124] [cron_job.doRun] run job "CreateScheduledTransaction" successfully, cost 3ms
2025-09-06 18:44:59 [WARNING] [cron-job-createscheduledtransaction-1757155499] [cron_job.doRun] job "CreateScheduledTransaction" is already running (ip: 192.168.10.104,2406:3003:2001:3910:ccb:60db:2605:a4eb,2406:3003:2001:3910:199d:64e2:e7ec:7df, startTime: 1757155124)
2025-09-06 18:59:59 [INFO] [cron-job-createscheduledtransaction-1757156399] [cron_job.doRun] run job "CreateScheduledTransaction" successfully, cost 4ms
2025-09-06 19:32:44 [INFO] [cron-job-createscheduledtransaction-1757158364] [cron_job.doRun] run job "CreateScheduledTransaction" successfully, cost 20ms
2025-09-06 19:44:59 [WARNING] [cron-job-createscheduledtransaction-1757159099] [cron_job.doRun] job "CreateScheduledTransaction" is already running (ip: 192.168.10.104,2406:3003:2001:3910:ccb:60db:2605:a4eb,2406:3003:2001:3910:9d9b:1409:d7b1:483b, startTime: 1757158364)
2025-09-06 20:00:00 [INFO] [cron-job-createscheduledtransaction-1757160000] [cron_job.doRun] run job "CreateScheduledTransaction" successfully, cost 3ms
2025-09-06 20:15:00 [INFO] [cron-job-createscheduledtransaction-1757160900] [cron_job.doRun] run job "CreateScheduledTransaction" successfully, cost 3ms
2025-09-06 20:29:59 [INFO] [cron-job-createscheduledtransaction-1757161799] [cron_job.doRun] run job "CreateScheduledTransaction" successfully, cost 11ms
2025-09-06 20:44:59 [INFO] [cron-job-createscheduledtransaction-1757162699] [cron_job.doRun] run job "CreateScheduledTransaction" successfully, cost 1ms
2025-09-06 20:59:59 [INFO] [cron-job-createscheduledtransaction-1757163599] [cron_job.doRun] run job "CreateScheduledTransaction" successfully, cost 3ms
2025-09-06 21:14:59 [INFO] [cron-job-createscheduledtransaction-1757164499] [cron_job.doRun] run job "CreateScheduledTransaction" successfully, cost 1ms
2025-09-06 21:29:59 [INFO] [cron-job-createscheduledtransaction-1757165399] [cron_job.doRun] run job "CreateScheduledTransaction" successfully, cost 3ms
2025-09-06 21:44:59 [INFO] [cron-job-createscheduledtransaction-1757166299] [cron_job.doRun] run job "CreateScheduledTransaction" successfully, cost 3ms
2025-09-06 21:59:59 [INFO] [cron-job-createscheduledtransaction-1757167199] [cron_job.doRun] run job "CreateScheduledTransaction" successfully, cost 2ms
2025-09-06 22:14:59 [INFO] [cron-job-createscheduledtransaction-1757168099] [cron_job.doRun] run job "CreateScheduledTransaction" successfully, cost 6ms
2025-09-06 22:29:59 [INFO] [cron-job-createscheduledtransaction-1757168999] [cron_job.doRun] run job "CreateScheduledTransaction" successfully, cost 4ms
2025-09-06 23:03:03 [INFO] [cron-job-createscheduledtransaction-1757170983] [cron_job.doRun] run job "CreateScheduledTransaction" successfully, cost 3ms
2025-09-06 23:14:59 [WARNING] [cron-job-createscheduledtransaction-1757171699] [cron_job.doRun] job "CreateScheduledTransaction" is already running (ip: 192.168.10.104,2406:3003:2001:3910:ccb:60db:2605:a4eb,2406:3003:2001:3910:95f6:5fe:9bef:e442, startTime: 1757170983)
2025-09-06 23:33:36 [INFO] [cron-job-createscheduledtransaction-1757172816] [cron_job.doRun] run job "CreateScheduledTransaction" successfully, cost 4ms
2025-09-06 23:45:00 [WARNING] [cron-job-createscheduledtransaction-1757173500] [cron_job.doRun] job "CreateScheduledTransaction" is already running (ip: 192.168.10.104,2406:3003:2001:3910:ccb:60db:2605:a4eb,2406:3003:2001:3910:24c5:c3a:7c8f:197, startTime: 1757172816)
